Downloading Gradle 8.7...

FAILURE: Build failed with an exception.

* Where:
Build file '/home/shivansh/app/android/build.gradle.kts' line: 1

* What went wrong:
Plugin [id: 'com.android.application'] was not found in any of the following sources:

- Gradle Core Plugins (plugin is not in 'org.gradle' namespace)
- Included Builds (No included builds contain this plugin)
- Plugin Repositories (plugin dependency must include a version number for this source)

* Try:
> Run with --stacktrace option to get the stack trace.
> Run with --info or --debug option to get more log output.
> Run with --scan to get full insights.
> Get more help at https://help.gradle.org.

BUILD FAILED in 10s

FAILURE: Build failed with an exception.

* Where:
Build file '/home/shivansh/app/android/build.gradle.kts' line: 1

* What went wrong:
Plugin [id: 'dagger.hilt.android.plugin', version: '2.52'] was not found in any of the following sources:

- Gradle Core Plugins (plugin is not in 'org.gradle' namespace)
- Included Builds (No included builds contain this plugin)
- Plugin Repositories (could not resolve plugin artifact 'dagger.hilt.android.plugin:dagger.hilt.android.plugin.gradle.plugin:2.52')
  Searched in the following repositories:
    Google
    MavenRepo
    Gradle Central Plugin Repository

* Try:
> Run with --stacktrace option to get the stack trace.
> Run with --info or --debug option to get more log output.
> Run with --scan to get full insights.
> Get more help at https://help.gradle.org.

BUILD FAILED in 11s
